Logging output to: logs/train_logistic_regression_20260806_094955.log
==========================================================================================
Logistic Regression multi-label classifier
==========================================================================================
Loading training data from: data/train_dataset.jsonl
Could not stratify by label combination. Using random train/dev split.
Train size: 541
Dev size: 96
Loading test data from: data/test_dataset.jsonl
Test size: 160
Loading weights:   0%|                                                                                                                                       | 0/391 [00:00<?, ?it/s]Loading weights: 100%|###########################################################################################################################| 391/391 [00:00<00:00, 8174.08it/s]
Embedding model: intfloat/e5-large-v2
Encoding train texts: 541
Encoding dev texts: 96
Encoding test texts: 160

Training Logistic Regression...
==========================================================================================
EVALUATION: Logistic Regression dev
==========================================================================================
                     precision    recall  f1-score   support

          retrieval       0.89      0.93      0.91        43
         comparison       1.00      0.93      0.96        14
        aggregation       0.91      0.79      0.85        38
 context_resolution       1.00      1.00      1.00        28
           temporal       0.93      1.00      0.96        13
     legal_citation       1.00      0.98      0.99        65
evidence_extraction       1.00      0.92      0.96        12
     multi_document       0.90      0.95      0.92        19
            summary       1.00      1.00      1.00        12
            analyze       0.84      0.97      0.90        33
           evaluate       0.86      0.67      0.75         9
          recommend       0.82      0.93      0.88        15

          micro avg       0.93      0.93      0.93       301
          macro avg       0.93      0.92      0.92       301
       weighted avg       0.93      0.93      0.93       301
        samples avg       0.93      0.94      0.93       301

Hamming loss: 0.0356
Exact match ratio: 0.6458
F1 micro: 0.9320
F1 macro: 0.9232
F1 weighted: 0.9314
F1 samples: 0.9272
Average precision micro: 0.9487
Average precision macro: 0.9382
Average precision weighted: 0.9493
==========================================================================================
EVALUATION: Logistic Regression test
==========================================================================================
                     precision    recall  f1-score   support

          retrieval       0.81      0.83      0.82        69
         comparison       1.00      0.92      0.96        25
        aggregation       0.84      0.89      0.86        64
 context_resolution       1.00      0.96      0.98        52
           temporal       0.92      1.00      0.96        22
     legal_citation       0.99      0.96      0.98       102
evidence_extraction       0.92      0.92      0.92        24
     multi_document       0.85      0.95      0.90        42
            summary       0.80      1.00      0.89        20
            analyze       0.88      0.86      0.87        58
           evaluate       1.00      0.86      0.92        21
          recommend       0.87      0.91      0.89        22

          micro avg       0.90      0.92      0.91       521
          macro avg       0.91      0.92      0.91       521
       weighted avg       0.91      0.92      0.91       521
        samples avg       0.91      0.92      0.90       521

Hamming loss: 0.0495
Exact match ratio: 0.5750
F1 micro: 0.9094
F1 macro: 0.9117
F1 weighted: 0.9102
F1 samples: 0.8965
Average precision micro: 0.9617
Average precision macro: 0.9660
Average precision weighted: 0.9627
Saved model: artifacts/logreg_ovr.joblib
Saved thresholds: artifacts/logreg_thresholds.npy
Saved scaler: artifacts/logreg_scaler.joblib
Saved predictions: predictions/test_logreg_predictions.csv
